2025-01-09 13:09:34 |[36m  INFO   [0m| Test 
